09:30:42 **** Incremental Build of configuration Debug for project 00-ref ****
make -j20 all 
arm-none-eabi-gcc "../Core/Src/main.c" -mcpu=cortex-m7 -std=gnu11 -g3 -DDEBUG -DUSE_HAL_DRIVER -DSTM32F746xx -c -I../Core/Inc -I../Drivers/STM32F7xx_HAL_Driver/Inc -I../Drivers/STM32F7xx_HAL_Driver/Inc/Legacy -I../Drivers/CMSIS/Device/ST/STM32F7xx/Include -I../Drivers/CMSIS/Include -O0 -ffunction-sections -fdata-sections -Wall -fstack-usage -fcyclomatic-complexity -MMD -MP -MF"Core/Src/main.d" -MT"Core/Src/main.o" --specs=nano.specs -mfpu=fpv5-sp-d16 -mfloat-abi=hard -mthumb -o "Core/Src/main.o"
arm-none-eabi-gcc -o "00-ref.elf" @"objects.list"   -mcpu=cortex-m7 -T"D:\01 Jupiter\OneDrive\05-embedded-learning\STM32Cube\01-udemy\MySTM32F7Bare-MetalWorkspace\00-ref\STM32F746NGHX_FLASH.ld" --specs=nosys.specs -Wl,-Map="00-ref.map" -Wl,--gc-sections -static --specs=nano.specs -mfpu=fpv5-sp-d16 -mfloat-abi=hard -mthumb -Wl,--start-group -lc -lm -Wl,--end-group
Finished building target: 00-ref.elf
 
arm-none-eabi-size  00-ref.elf 
arm-none-eabi-objdump -h -S 00-ref.elf  > "00-ref.list"
   text	   data	    bss	    dec	    hex	filename
   5112	     12	   1572	   6696	   1a28	00-ref.elf
Finished building: default.size.stdout
 
Finished building: 00-ref.list
 

09:30:44 Build Finished. 0 errors, 0 warnings. (took 1s.987ms)

