15:35:02 **** Incremental Build of configuration Debug for project 09-uart-rx ****
make -j20 all 
arm-none-eabi-gcc "../Src/main.c" -mcpu=cortex-m7 -std=gnu11 -g3 -DDEBUG -DSTM32 -DSTM32F746NGHx -DSTM32F7 -DSTM32F746xx -c -I../Inc -I"D:/01 Jupiter/OneDrive/05-embedded-learning/STM32Cube/01-udemy/chip-header-files/CMSIS/Include" -I"D:/01 Jupiter/OneDrive/05-embedded-learning/STM32Cube/01-udemy/chip-header-files/CMSIS/Device/ST/STM32F7xx/Include" -O0 -ffunction-sections -fdata-sections -Wall -fstack-usage -fcyclomatic-complexity -MMD -MP -MF"Src/main.d" -MT"Src/main.o" --specs=nano.specs -mfpu=fpv5-sp-d16 -mfloat-abi=hard -mthumb -o "Src/main.o"
arm-none-eabi-gcc -o "09-uart-rx.elf" @"objects.list"   -mcpu=cortex-m7 -T"D:\01 Jupiter\OneDrive\05-embedded-learning\STM32Cube\01-udemy\MySTM32F7Bare-MetalWorkspace\09-uart-rx\STM32F746NGHX_FLASH.ld" --specs=nosys.specs -Wl,-Map="09-uart-rx.map" -Wl,--gc-sections -static --specs=nano.specs -mfpu=fpv5-sp-d16 -mfloat-abi=hard -mthumb -u _printf_float -Wl,--start-group -lc -lm -Wl,--end-group
Finished building target: 09-uart-rx.elf
 
arm-none-eabi-size  09-uart-rx.elf 
arm-none-eabi-objdump -h -S 09-uart-rx.elf  > "09-uart-rx.list"
   text	   data	    bss	    dec	    hex	filename
  15856	    456	   1904	  18216	   4728	09-uart-rx.elf
Finished building: default.size.stdout
 
Finished building: 09-uart-rx.list
 
15:35:08 **** Incremental Build of configuration Debug for project 09-uart-rx ****
make -j20 all 
arm-none-eabi-size  09-uart-rx.elf 
   text	   data	    bss	    dec	    hex	filename
  15856	    456	   1904	  18216	   4728	09-uart-rx.elf
Finished building: default.size.stdout
 
15:35:10 **** Incremental Build of configuration Debug for project 09-uart-rx ****
make -j20 all 
arm-none-eabi-size  09-uart-rx.elf 
   text	   data	    bss	    dec	    hex	filename
  15856	    456	   1904	  18216	   4728	09-uart-rx.elf
Finished building: default.size.stdout
 
